ExitCode: 66
true
true
None
true
false
false
true
