ExitCode: 66
20
0
1200
4.3478260869565215
0.30000000000000004
3.142857142857143
false
true
true
true
false
false
true
true
None
None
None
