ExitCode: 66
Cannot use operator "-" on type STRING
