ExitCode: 0
INT 12 12 1
FLOAT 12.5 12.5 2
FLOAT 15.13252123 15.13252123 3
FLOAT 0.231 0.231 4
FLOAT 754.34 754.34 5
INT 12365434 12365434 7
EOF  null
