ExitCode: 65
[line 3] Unexpected character: .
[line 4] Unexpected character: .
[line 4] Unexpected character: $
[line 4] Unexpected character: #
Tokenize Error
