ExitCode: 0
SLASH / <nil> 3
SLASH / <nil> 4
SLASH / <nil> 5
IDENTIFIER Error <nil> 5
EOF  null
