ExitCode: 65
[line 1] Unterminated String: "abc
Tokenize Error