ExitCode: 0
(> 10 14)
(== 10 20)
(= 15 2)
(= b 12)
(< (< 83 12) 34)
(== (!= (* 11 12) (* 12 12)) 12)
