ExitCode: 65
[line 1] Error at '10': Expected expression
[line 2] Error at '(': Expected expression
[line 3] Error at '10': Expected expression
Parser Error
