ExitCode: 66
[line 37] Error: Uninitialized function "y"
Error
Error
