ExitCode: 0
hello
hello2
hello3
else
hello4
else if
else2
