ExitCode: 66
[line 13] Error: Uninitialized variable "m"
Error
