ExitCode: 66
[line 18] Error: Uninitialized variable "z"
Error
